[INFO] Scanning for projects...
[INFO] 
[INFO] ---------------------< com.seuprojeto:meu-projeto >---------------------
[INFO] Building meu-projeto 1.0-SNAPSHOT
[INFO]   from pom.xml
[INFO] --------------------------------[ war ]---------------------------------
[INFO] 
[INFO] --- resources:3.4.0:resources (default-resources) @ meu-projeto ---
[INFO] Copying 0 resource from src\main\resources to target\classes
[INFO] 
[INFO] --- compiler:3.11.0:compile (default-compile) @ meu-projeto ---
[INFO] Nothing to compile - all classes are up to date
[INFO] 
[INFO] --- resources:3.4.0:testResources (default-testResources) @ meu-projeto ---
[INFO] Copying 1 resource from src\test\resources to target\test-classes
[INFO] 
[INFO] --- compiler:3.11.0:testCompile (default-testCompile) @ meu-projeto ---
[INFO] Nothing to compile - all classes are up to date
[INFO] 
[INFO] --- surefire:3.5.4:test (default-test) @ meu-projeto ---
[INFO] Using auto detected provider org.apache.maven.surefire.junitplatform.JUnitPlatformProvider
[INFO] 
[INFO] -------------------------------------------------------
[INFO]  T E S T S
[INFO] -------------------------------------------------------
[INFO] Running br.com.vinheiro.dao.ClienteDAOTest
[INFO] Tests run: 1, Failures: 0, Errors: 0, Skipped: 0, Time elapsed: 0.261 s -- in br.com.vinheiro.dao.ClienteDAOTest
[INFO] Running br.com.vinheiro.dao.PedidoDAOTest
[INFO] Tests run: 1, Failures: 0, Errors: 0, Skipped: 0, Time elapsed: 0.017 s -- in br.com.vinheiro.dao.PedidoDAOTest
[INFO] Running br.com.vinheiro.dao.UsuarioAdminDAOTest
[INFO] Tests run: 2, Failures: 0, Errors: 0, Skipped: 0, Time elapsed: 0.030 s -- in br.com.vinheiro.dao.UsuarioAdminDAOTest
[INFO] Running br.com.vinheiro.dao.VinhoDAOTest
[ERROR] Tests run: 2, Failures: 1, Errors: 0, Skipped: 0, Time elapsed: 0.027 s <<< FAILURE! -- in br.com.vinheiro.dao.VinhoDAOTest
[ERROR] br.com.vinheiro.dao.VinhoDAOTest.testSaveAndFindById -- Time elapsed: 0.011 s <<< FAILURE!
org.opentest4j.AssertionFailedError: expected: <tinto> but was: <null>
	at org.junit.jupiter.api.AssertionFailureBuilder.build(AssertionFailureBuilder.java:151)
	at org.junit.jupiter.api.AssertionFailureBuilder.buildAndThrow(AssertionFailureBuilder.java:132)
	at org.junit.jupiter.api.AssertEquals.failNotEqual(AssertEquals.java:197)
	at org.junit.jupiter.api.AssertEquals.assertEquals(AssertEquals.java:182)
	at org.junit.jupiter.api.AssertEquals.assertEquals(AssertEquals.java:177)
	at org.junit.jupiter.api.Assertions.assertEquals(Assertions.java:1141)
	at br.com.vinheiro.dao.VinhoDAOTest.testSaveAndFindById(VinhoDAOTest.java:52)
	at java.base/java.lang.reflect.Method.invoke(Method.java:565)
	at java.base/java.util.ArrayList.forEach(ArrayList.java:1604)
	at java.base/java.util.ArrayList.forEach(ArrayList.java:1604)

[INFO] 
[INFO] Results:
[INFO] 
[ERROR] Failures: 
[ERROR]   VinhoDAOTest.testSaveAndFindById:52 expected: <tinto> but was: <null>
[INFO] 
[ERROR] Tests run: 6, Failures: 1, Errors: 0, Skipped: 0
[INFO] 
[INFO] ------------------------------------------------------------------------
[INFO] BUILD FAILURE
[INFO] ------------------------------------------------------------------------
[INFO] Total time:  1.840 s
[INFO] Finished at: 2026-04-07T19:13:54-03:00
[INFO] ------------------------------------------------------------------------
[ERROR] Failed to execute goal org.apache.maven.plugins:maven-surefire-plugin:3.5.4:test (default-test) on project meu-projeto: There are test failures.
[ERROR] 
[ERROR] See C:\Users\Intel\IdeaProjects\vinheria-agnello\target\surefire-reports for the individual test results.
[ERROR] See dump files (if any exist) [date].dump, [date]-jvmRun[N].dump and [date].dumpstream.
[ERROR] -> [Help 1]
[ERROR] 
[ERROR] To see the full stack trace of the errors, re-run Maven with the -e switch.
[ERROR] Re-run Maven using the -X switch to enable full debug logging.
[ERROR] 
[ERROR] For more information about the errors and possible solutions, please read the following articles:
[ERROR] [Help 1] http://cwiki.apache.org/confluence/display/MAVEN/MojoFailureException
